error: `axum::middleware::Next` must the last argument
 --> tests/debug_middleware/fail/next_not_last.rs:9:24
  |
9 | async fn my_middleware(next: Next, request: Request) -> Response {
  |                        ^^^^^^^^^^
